// Jest Snapshot v1, https://goo.gl/fbAQLP

exports[`Active Page shallow renders with empty data 1`] = `
<div
  className="sc-fnVZcZ FgJVV"
>
  <div
    className="sc-dIvrsQ fEZSmV container"
  >
    <div
      className="tokens__title__panel"
    >
      <span>
        Tokens
      </span>
      <a
        href="mailto:asset-info-submit@nervina.io?subject=Submit Token Info&body=
Title: Submit Token Information%0a%0d
Type Script:%0a%0d
    Code Hash:%0a%0d
    Hash Type:%0a%0d
    Args:%0a%0d

Information:%0a%0d
   Full Name: 32 length max%0a%0d
   Symbol: 8 length max / ASCII%0a%0d
   Decimal: 8 (default)%0a%0d
   Description:%0a%0d
   Website:%0a%0d
   Icon File: attachment (40 x 40)%0a%0d
   Other Info:%0a%0d

Note: Only accept sUDT information submission now.
"
        rel="noopener noreferrer"
        target="_blank"
      >
        Submit Token Info
      </a>
    </div>
    <div
      className="sc-hHEiqL dspbBV"
    >
      <span>
        Name (symbol)
      </span>
      <span>
        24hr Transactions
      </span>
      <span>
        Address Count
      </span>
      <span>
        Created Time
      </span>
    </div>
    <div
      className="sc-iwajpm dVwvhr"
    >
      <div
        className="sc-iJCRrE kDmlEp"
      >
        <img
          alt="loading"
          src="loading.gif"
        />
      </div>
    </div>
  </div>
</div>
`;
