// Jest Snapshot v1, https://goo.gl/fbAQLP

exports[`OverviewCard Component shallow renders 1`] = `
<div
  className="sc-bdnxRM bGWixJ"
>
  <div
    className="overview__separate"
  />
  <div
    className="sc-gtsrHT hlKzxu"
  >
    <div
      className="overview_content__left_items"
    >
      <div
        className="sc-dlnjwi jHBgxP"
      >
        <div
          className="overview_item__title__panel"
        >
          <div
            className="overview_item__title"
          >
            <span>
              title1
            </span>
          </div>
        </div>
        <div
          className="overview_item__value"
        >
          <span>
            content1
          </span>
        </div>
      </div>
      <div
        className="sc-dlnjwi dVfAXI"
      >
        <div
          className="overview_item__title__panel"
        >
          <div
            className="overview_item__title"
          >
            <span>
              title3
            </span>
          </div>
        </div>
        <div
          className="overview_item__value"
        >
          <span>
            content3
          </span>
        </div>
      </div>
    </div>
    <div
      className="overview_content__right_items"
    >
      <div
        className="sc-dlnjwi jHBgxP"
      >
        <div
          className="overview_item__title__panel"
        >
          <div
            className="overview_item__title"
          >
            <span>
              title2
            </span>
          </div>
        </div>
        <div
          className="overview_item__value"
        >
          <span>
            <div>
              content2
            </div>
          </span>
        </div>
      </div>
      <div
        className="sc-dlnjwi dVfAXI"
      >
        <div
          className="overview_item__title__panel"
        >
          <div
            className="overview_item__title"
          >
            <span>
              title4
            </span>
          </div>
        </div>
        <div
          className="overview_item__value"
        >
          <span>
            <div>
              content4
            </div>
          </span>
        </div>
      </div>
    </div>
  </div>
</div>
`;
